
[1m[46m RUN [49m[22m [36mv4.0.18 [39m[90mC:/Users/bhara/FormBricks/formbricks[39m

node.exe : [31mNo test files found, exiting with code 1
At line:1 char:1
+ & "C:\nvm4w\nodejs/node.exe" 
"C:\nvm4w\nodejs/node_modules/npm/bin/np ...
+ ~~~~~~~~~~~~~~~~~~~~~~~~~~~~~~~~~~~~~~~~~~~~~~~~~~~~~~~
~~~~~~~~~~~~~~
    + CategoryInfo          : NotSpecified: ([31mNo tes 
   t fi...ing with code 1:String) [], RemoteException
    + FullyQualifiedErrorId : NativeCommandError
 
[39m
[2mfilter: [22m[33mapps/web/app/api/v2/client/[environ
mentId/]/responses/route.test.ts[39m
[2minclude: 
[22m[33m**/*.{test,spec}.?(c|m)[jt]s?(x)[39m
[2mexclude:  [22m[33m**/node_modules/**[2m, 
[22m**/.git/**[39m

